[D:\SourceCode\Git/binclock_redux/der_libs]
[D:\SourceCode\Git/cdtimer/der_libs]
[D:\SourceCode\Git/derbar/der_libs]
[D:\SourceCode\Git/fidelity_calcs/der_libs]
[D:\SourceCode\Git/FranklinFW_data/der_libs]
[D:\SourceCode\Git/images_gdip/der_libs]
[D:\SourceCode\Git/LedScroll/der_libs]
[D:\SourceCode\Git/media_list/der_libs]
[D:\SourceCode\Git/ndir32/der_libs]
[D:\SourceCode\Git/plus42_image_mgr/der_libs]
[D:\SourceCode\Git/qualify/der_libs]
[D:\SourceCode\Git/read_tree/der_libs]
[D:\SourceCode\Git/terminal/der_libs]
[D:\SourceCode\Git/uni_file_mgr/der_libs]
[D:\SourceCode\Git/wbigcalc/der_libs]
[D:\SourceCode\Git/wdparse/der_libs]
[D:\SourceCode\Git/wFontList/der_libs]
[D:\SourceCode\Git/winagrams/der_libs]
[D:\SourceCode\Git/winwiz/der_libs]
[D:\SourceCode\Git/wmetar/der_libs]
